// Jest Snapshot v1, https://goo.gl/fbAQLP

exports[`renders as expected 1`] = `
<View
  style={
    Array [
      Object {
        "alignItems": "center",
        "backgroundColor": "#EEEEEE",
        "borderColor": "#CACACA",
        "flexDirection": "row",
        "justifyContent": "space-between",
        "marginHorizontal": 16,
        "padding": 16,
      },
      Object {
        "borderBottomLeftRadius": 0,
        "borderBottomRightRadius": 0,
        "borderTopLeftRadius": 0,
        "borderTopRightRadius": 0,
        "borderTopWidth": 1,
      },
    ]
  }
  testID="viewItem"
>
  <View
    style={
      Object {
        "width": "80%",
      }
    }
  >
    <Text
      style={
        Object {
          "color": "black",
        }
      }
    >
      Name: 
    </Text>
    <Text
      style={
        Object {
          "marginTop": 8,
        }
      }
    >
      Created: 
      Invalid date
    </Text>
    <Text
      style={
        Object {
          "color": "#67BFBB",
          "marginTop": 8,
        }
      }
      testID="editedtest"
    >
      Last Update: 
      No Update Yet
    </Text>
  </View>
  <View
    style={
      Object {
        "alignItems": "center",
        "flexDirection": "row",
        "height": "100%",
        "justifyContent": "flex-end",
        "width": "20%",
      }
    }
  >
    <View
      accessible={true}
      collapsable={false}
      focusable={true}
      onClick={[Function]}
      onResponderGrant={[Function]}
      onResponderMove={[Function]}
      onResponderRelease={[Function]}
      onResponderTerminate={[Function]}
      onResponderTerminationRequest={[Function]}
      onStartShouldSetResponder={[Function]}
      style={
        Object {
          "opacity": 1,
        }
      }
    >
      <Text
        allowFontScaling={false}
        selectable={false}
        style={
          Array [
            Object {
              "color": "black",
              "fontSize": 20,
            },
            Object {
              "marginRight": 16,
            },
            Object {
              "fontFamily": "anticon",
              "fontStyle": "normal",
              "fontWeight": "normal",
            },
            Object {},
          ]
        }
      >
        
      </Text>
    </View>
    <View
      accessible={true}
      collapsable={false}
      focusable={true}
      onClick={[Function]}
      onResponderGrant={[Function]}
      onResponderMove={[Function]}
      onResponderRelease={[Function]}
      onResponderTerminate={[Function]}
      onResponderTerminationRequest={[Function]}
      onStartShouldSetResponder={[Function]}
      style={
        Object {
          "opacity": 1,
        }
      }
    >
      <Text
        allowFontScaling={false}
        selectable={false}
        style={
          Array [
            Object {
              "color": "#CC0000",
              "fontSize": 20,
            },
            undefined,
            Object {
              "fontFamily": "anticon",
              "fontStyle": "normal",
              "fontWeight": "normal",
            },
            Object {},
          ]
        }
      >
        
      </Text>
    </View>
  </View>
</View>
`;
